client/src/pages/finances.tsx(304,29): error TS2322: Type '{ children: Element[]; open: boolean; onValueChange: Dispatch<SetStateAction<boolean>>; }' is not assignable to type 'IntrinsicAttributes & DialogProps'.
  Property 'onValueChange' does not exist on type 'IntrinsicAttributes & DialogProps'.
client/src/pages/projects.tsx(291,10): error TS2304: Cannot find name 'Task'.
client/src/pages/projects.tsx(545,22): error TS2304: Cannot find name 'tasks'.
client/src/pages/settings.tsx(236,20): error TS2304: Cannot find name 'useAuth'.
client/src/pages/settings.tsx(245,71): error TS2304: Cannot find name 'UserSettings'.
client/src/pages/settings.tsx(251,38): error TS2304: Cannot find name 'UserSettings'.
client/src/pages/settings.tsx(258,16): error TS2339: Property 'theme' does not exist on type 'Response'.
client/src/pages/settings.tsx(258,30): error TS2339: Property 'theme' does not exist on type 'Response'.
client/src/pages/settings.tsx(259,23): error TS2339: Property 'theme' does not exist on type 'Response'.
server/migrations/migrate-task-statuses.ts(20,14): error TS2339: Property 'where' does not exist on type 'Omit<PgSelectBase<"task_statuses", { id: PgColumn<{ name: "id"; tableName: "task_statuses"; dataType: "string"; columnType: "PgVarchar"; data: string; driverParam: string; notNull: true; hasDefault: true; isPrimaryKey: true; ... 5 more ...; generated: undefined; }, {}, { ...; }>; ... 5 more ...; isDoneState: PgColum...'.
